law ('x', (('y', ('z', 'x')), ('x', ('x', 'y'))))  rules 12 : GEN + [R4c, R6d, R6e]
  R1  [free] J?u & J?u.2 & J?v & u.2.2 = v.1 & J?v.2 & u.2.2 = v.2.1 & u.1 = v.2.2 -> u.2.2
  R2  [B1s] J?u & J?u.2 & J?v & u.2.2 = v.1 & op(u.2.2, u.1) == v.2 -> u.2.2
  R3  [Bs] J?u & J?u.2 & op(u.2.2, op(u.2.2, u.1)) == v -> u.2.2
  R4  [A1s] J?u & J?v & J?v.2 & v.1 = v.2.1 & u.1 = v.2.2 & J?v.1 & u.2 = v.1.1 & J?v.1.2 & u.2 = v.1.2.1 -> v.1
  R5  [A1s,B1s] J?u & J?v & J?v.1 & u.2 = v.1.1 & J?v.1.2 & u.2 = v.1.2.1 & op(v.1, u.1) == v.2 -> v.1
  R6  [As] J?v & J?v.2 & v.1 = v.2.1 & J?v.2.2 & J?v.2.2.2 & u = v.2.2.2.2 & J?v.1 & u = v.1.1 & v.2.2.1 = v.1.2 & op(v.2.2, op(u, v.1)) == u -> v.1
  R7  [As|rd:B1] J?v & J?v.2 & v.1 = v.2.1 & J?v.2.2 & J?v.2.2.2 & u = v.2.2.2.2 & op(u, v.2.2.1) == v.1 & op(v.2.2, op(u, v.1)) == u -> v.1
  R8  [As~] J?v & J?v.2 & v.1 = v.2.1 & J?v.2.2 & J?v.2.2.2 & u = v.2.2.2.2 & J?v.1 & u = v.1.1 & v.2.2.1 = v.1.2 -> v.1
  R9  [As|rd:B1~] J?v & J?v.2 & v.1 = v.2.1 & J?v.2.2 & J?v.2.2.2 & u = v.2.2.2.2 & op(u, v.2.2.1) == v.1 -> v.1
  R10 [A1s|l2] J?u & J?v & J?v.2 & v.1 = v.2.1 & u.1 = v.2.2 & J?v.1 & u.2 = v.1.1 & J?u.2 & J?u.2.2 & u.2.2.2 = v.1.2 -> v.1
  R11 [As|E2a] J?v & J?v.2 & v.1 = v.2.1 & J?v.2.2 & J?v.2.2.2 & u = v.2.2.2.2 & J?v.1 & v.1.1 = J(u, J(u, v.2.2.1)) & J?v.1.2 & v.1.2.1 = J(u, J(u, v.2.2.1)) -> v.1
  R12 [As|E2b] J?v & J?v.2 & v.1 = v.2.1 & J?v.2.2 & J?v.2.2.2 & u = v.2.2.2.2 & J?v.1 & v.1.1 = J(u, J(u, v.2.2.1)) & v.1.2 = v.2.2.1 -> v.1
FAILS total 8  value 8  {'exh9/1:value': 7, 'critical:value': 1}   (149.6s)
  3  A1:free A:R4 B1:free B:free | final=free ok=[3] cut=False [exh9/1] {'y': '(g0*g0)', 'z': '(g0*(g0*g0))', 'x': '((g0*(g0*g0))*g0)'}
      u=(g0*(g0*g0))
      v=(((g0*(g0*g0))*g0)*(((g0*(g0*g0))*g0)*(g0*g0)))
  2  A1:free A:R5 B1:free B:free | final=free ok=[2, 3] cut=False [exh9/1] {'y': '((g0*(g0*g0))*g0)', 'z': '(g0*(g0*g0))', 'x': 'g0'}
      u=(g0*(g0*g0))
      v=(g0*(g0*((g0*(g0*g0))*g0)))
  1  A1:free A:R6 B1:free B:free | final=free ok=[] cut=False [exh9/1] {'y': 'g0', 'z': '(g0*g0)', 'x': '((g0*g0)*(g0*(g0*g0)))'}
      u=(g0*g0)
      v=(((g0*g0)*(g0*(g0*g0)))*(((g0*g0)*(g0*(g0*g0)))*g0))
  1  A1:R5 A:free B1:free B:free | final=free ok=[3] cut=False [exh9/1] {'y': '((g0*(g0*g0))*g0)', 'z': '((g0*(g0*g0))*g0)', 'x': '((g0*(g0*g0))*g0)'}
      u=(((g0*(g0*g0))*g0)*(g0*(g0*g0)))
      v=(((g0*(g0*g0))*g0)*(g0*(g0*g0)))
  1  A1:free A:R10 B1:free B:free | final=free ok=[] cut=False [exh9/1] {'y': '(g0*(g0*(g0*g0)))', 'z': '((g0*(g0*g0))*g0)', 'x': '(((g0*(g0*g0))*g0)*g0)'}
      u=((g0*(g0*g0))*g0)
      v=((((g0*(g0*g0))*g0)*g0)*((((g0*(g0*g0))*g0)*g0)*(g0*(g0*(g0*g0)))))
