==========================================================================
FAIL #0
INSTANCE {'y': '(g0*((g0*g0)*g0))', 'x': '((g0*g0)*g0)', 'z': '((g0*(g0*g0))*g0)'}
  ('y', 'x')                         = ((g0*((g0*g0)*g0))*((g0*g0)*g0))   [free]
  (('y', 'x'), 'y')                  = (((g0*((g0*g0)*g0))*((g0*g0)*g0))*(g0*((g0*g0)*g0)))   [free]
  ('y', 'z')                         = (g0*(g0*g0))   [R7 A0s,B1s]
  ('x', ('y', 'z'))                  = g0   [free]
  u = (((g0*((g0*g0)*g0))*((g0*g0)*g0))*(g0*((g0*g0)*g0)))
  v = g0
  FINAL op(A,B) = ((((g0*((g0*g0)*g0))*((g0*g0)*g0))*(g0*((g0*g0)*g0)))*g0)  expected x = ((g0*g0)*g0)  [free]
  structural-hold rules: [] []
==========================================================================
FAIL #1
INSTANCE {'y': '(g0*((g0*g0)*g0))', 'x': '((g0*g0)*g0)', 'z': '((g0*(g0*(g0*g0)))*g0)'}
  ('y', 'x')                         = ((g0*((g0*g0)*g0))*((g0*g0)*g0))   [free]
  (('y', 'x'), 'y')                  = (((g0*((g0*g0)*g0))*((g0*g0)*g0))*(g0*((g0*g0)*g0)))   [free]
  ('y', 'z')                         = (g0*(g0*(g0*g0)))   [R7 A0s,B1s]
  ('x', ('y', 'z'))                  = g0   [free]
  u = (((g0*((g0*g0)*g0))*((g0*g0)*g0))*(g0*((g0*g0)*g0)))
  v = g0
  FINAL op(A,B) = ((((g0*((g0*g0)*g0))*((g0*g0)*g0))*(g0*((g0*g0)*g0)))*g0)  expected x = ((g0*g0)*g0)  [free]
  structural-hold rules: [] []
==========================================================================
FAIL #2
INSTANCE {'y': '(((g0*g0)*g0)*(g0*g0))', 'x': '((g0*((g0*g0)*g0))*g0)', 'z': '(g0*((g0*g0)*g0))'}
  ('y', 'x')                         = ((((g0*g0)*g0)*(g0*g0))*((g0*((g0*g0)*g0))*g0))   [free]
  (('y', 'x'), 'y')                  = (((((g0*g0)*g0)*(g0*g0))*((g0*((g0*g0)*g0))*g0))*(((g0*g0)*g0)*(g0*g0)))   [free]
  ('y', 'z')                         = g0   [R1 free]
  ('x', ('y', 'z'))                  = ((g0*g0)*g0)   [R4 Bs]
  u = (((((g0*g0)*g0)*(g0*g0))*((g0*((g0*g0)*g0))*g0))*(((g0*g0)*g0)*(g0*g0)))
  v = ((g0*g0)*g0)
  FINAL op(A,B) = ((((((g0*g0)*g0)*(g0*g0))*((g0*((g0*g0)*g0))*g0))*(((g0*g0)*g0)*(g0*g0)))*((g0*g0)*g0))  expected x = ((g0*((g0*g0)*g0))*g0)  [free]
  structural-hold rules: [7, 8] ['A0s,B1s', 'A0s,B1s|rd:A0']
==========================================================================
FAIL #3
INSTANCE {'y': '(((g0*g0)*g0)*(g0*g0))', 'x': '((g0*((g0*g0)*g0))*g0)', 'z': '(g0*((g0*g0)*(g0*g0)))'}
  ('y', 'x')                         = ((((g0*g0)*g0)*(g0*g0))*((g0*((g0*g0)*g0))*g0))   [free]
  (('y', 'x'), 'y')                  = (((((g0*g0)*g0)*(g0*g0))*((g0*((g0*g0)*g0))*g0))*(((g0*g0)*g0)*(g0*g0)))   [free]
  ('y', 'z')                         = g0   [R1 free]
  ('x', ('y', 'z'))                  = ((g0*g0)*g0)   [R4 Bs]
  u = (((((g0*g0)*g0)*(g0*g0))*((g0*((g0*g0)*g0))*g0))*(((g0*g0)*g0)*(g0*g0)))
  v = ((g0*g0)*g0)
  FINAL op(A,B) = ((((((g0*g0)*g0)*(g0*g0))*((g0*((g0*g0)*g0))*g0))*(((g0*g0)*g0)*(g0*g0)))*((g0*g0)*g0))  expected x = ((g0*((g0*g0)*g0))*g0)  [free]
  structural-hold rules: [7, 8] ['A0s,B1s', 'A0s,B1s|rd:A0']
==========================================================================
FAIL #4
INSTANCE {'y': '((g0*(g0*(g0*g0)))*g0)', 'x': '((g0*g0)*g0)', 'z': '((g0*(g0*g0))*(g0*g0))'}
  ('y', 'x')                         = (((g0*(g0*(g0*g0)))*g0)*((g0*g0)*g0))   [free]
  (('y', 'x'), 'y')                  = ((((g0*(g0*(g0*g0)))*g0)*((g0*g0)*g0))*((g0*(g0*(g0*g0)))*g0))   [free]
  ('y', 'z')                         = (g0*(g0*g0))   [R1 free]
  ('x', ('y', 'z'))                  = g0   [R1 free]
  u = ((((g0*(g0*(g0*g0)))*g0)*((g0*g0)*g0))*((g0*(g0*(g0*g0)))*g0))
  v = g0
  FINAL op(A,B) = (((((g0*(g0*(g0*g0)))*g0)*((g0*g0)*g0))*((g0*(g0*(g0*g0)))*g0))*g0)  expected x = ((g0*g0)*g0)  [free]
  structural-hold rules: [] []
