seed=5   bigjunk=False levels=0  hits=100  depth>=3: 0    cycles=0  BAD=0
      (0, -1, -1, -1, 1, 'depth1')                   100
seed=19  bigjunk=False levels=0  hits=100  depth>=3: 0    cycles=0  BAD=0
      (0, -1, -1, -1, 1, 'depth1')                   100
seed=5   bigjunk=True  levels=0  hits=100  depth>=3: 0    cycles=0  BAD=0
      (0, -1, -1, -1, 1, 'depth1')                   100
seed=19  bigjunk=True  levels=0  hits=100  depth>=3: 0    cycles=0  BAD=0
      (0, -1, -1, -1, 1, 'depth1')                   100
seed=5   bigjunk=False levels=1  hits=100  depth>=3: 0    cycles=0  BAD=0
      (0, -1, -1, -1, 1, 'depth2')                   90
      (1, -1, -1, -1, 1, 'depth2')                   10
seed=19  bigjunk=False levels=1  hits=100  depth>=3: 0    cycles=0  BAD=0
      (0, -1, -1, -1, 1, 'depth2')                   92
      (1, -1, -1, -1, 1, 'depth2')                   8
seed=5   bigjunk=True  levels=1  hits=100  depth>=3: 0    cycles=0  BAD=0
      (0, -1, -1, -1, 1, 'depth2')                   97
      (1, -1, -1, -1, 1, 'depth2')                   3
seed=19  bigjunk=True  levels=1  hits=100  depth>=3: 0    cycles=0  BAD=0
      (0, -1, -1, -1, 1, 'depth2')                   99
      (1, -1, -1, -1, 1, 'depth2')                   1
seed=5   bigjunk=False levels=2  hits=100  depth>=3: 100  cycles=0  BAD=0
      (0, -1, -1, -1, 1, 'depth3')                   95
      (1, -1, -1, -1, 1, 'depth3')                   5
seed=19  bigjunk=False levels=2  hits=100  depth>=3: 100  cycles=0  BAD=0
      (0, -1, -1, -1, 1, 'depth3')                   93
      (1, -1, -1, -1, 1, 'depth3')                   7
seed=5   bigjunk=True  levels=2  hits=100  depth>=3: 100  cycles=0  BAD=0
      (0, -1, -1, -1, 1, 'depth3')                   98
      (1, -1, -1, -1, 1, 'depth3')                   2
seed=19  bigjunk=True  levels=2  hits=100  depth>=3: 100  cycles=0  BAD=0
      (0, -1, -1, -1, 1, 'depth3')                   98
      (1, -1, -1, -1, 1, 'depth3')                   2
seed=5   bigjunk=False levels=3  hits=100  depth>=3: 100  cycles=0  BAD=0
      (0, -1, -1, -1, 1, 'depth4')                   93
      (1, -1, -1, -1, 1, 'depth4')                   7
seed=19  bigjunk=False levels=3  hits=100  depth>=3: 100  cycles=0  BAD=0
      (0, -1, -1, -1, 1, 'depth4')                   98
      (1, -1, -1, -1, 1, 'depth4')                   2
seed=5   bigjunk=True  levels=3  hits=100  depth>=3: 100  cycles=0  BAD=0
      (0, -1, -1, -1, 1, 'depth4')                   96
      (1, -1, -1, -1, 1, 'depth4')                   4
