===== 12073 plain
===== 27859 plain
===== 21865 plain
FAIL {'y': 'g0', 'x': '(((g0*g0)*g0)*(g0*g0))', 'z': 'g0'} -> (g0*(g0*(g0*g0)))
FAIL {'y': 'g0', 'x': '(((g0*g0)*g0)*(g0*g0))', 'z': '(g0*g0)'} -> (g0*(g0*((g0*g0)*(g0*g0))))
FAIL {'y': 'g0', 'x': '(((g0*g0)*g0)*(g0*g0))', 'z': '(g0*(g0*g0))'} -> (g0*(g0*((g0*(g0*g0))*(g0*(g0*g0)))))
FAIL {'y': 'g0', 'x': '(((g0*g0)*g0)*(g0*g0))', 'z': '((g0*g0)*g0)'} -> (g0*(g0*(((g0*g0)*g0)*((g0*g0)*g0))))
FAIL {'y': 'g0', 'x': '(((g0*g0)*g0)*(g0*g0))', 'z': '(g0*(g0*(g0*g0)))'} -> (g0*(g0*((g0*(g0*(g0*g0)))*(g0*(g0*(g0*g0))))))
FAIL {'y': 'g0', 'x': '(((g0*g0)*g0)*(g0*g0))', 'z': '(g0*((g0*g0)*g0))'} -> (g0*(g0*((g0*((g0*g0)*g0))*(g0*((g0*g0)*g0)))))
{"eq": 12073, "dualized": false, "maxsize": 9, "gens": 1, "assignments": 12167, "fails": 23, "conflicts": 0, "secs": 34.6}
===== 12073 values
FAIL {'y': '((g0*(g0*g0))*g0)', 'x': '((g0*(g0*g0))*g0)', 'z': 'g0'} -> ((g0*((g0*(g0*g0))*g0))*(g0*g0))
FAIL {'y': '((g0*(g0*g0))*g0)', 'x': '((g0*(g0*g0))*g0)', 'z': '(g0*g0)'} -> ((g0*((g0*(g0*g0))*g0))*((g0*g0)*(g0*g0)))
FAIL {'y': '((g0*(g0*g0))*g0)', 'x': '((g0*(g0*g0))*g0)', 'z': '(g0*(g0*g0))'} -> ((g0*((g0*(g0*g0))*g0))*((g0*(g0*g0))*(g0*(g0*g0))))
FAIL {'y': '((g0*(g0*g0))*g0)', 'x': '((g0*(g0*g0))*g0)', 'z': '((g0*g0)*g0)'} -> ((g0*((g0*(g0*g0))*g0))*(((g0*g0)*g0)*((g0*g0)*g0)))
FAIL {'y': '(g0*((g0*(g0*g0))*g0))', 'x': '(g0*((g0*(g0*g0))*g0))', 'z': 'g0'} -> ((((g0*(g0*g0))*g0)*(g0*((g0*(g0*g0))*g0)))*(g0*g0))
FAIL {'y': '(g0*((g0*(g0*g0))*g0))', 'x': '(g0*((g0*(g0*g0))*g0))', 'z': '(g0*g0)'} -> ((((g0*(g0*g0))*g0)*(g0*((g0*(g0*g0))*g0)))*((g0*g0)*(g0*g0)))
{"eq": 27859, "dualized": false, "maxsize": 9, "gens": 1, "assignments": 12167, "fails": 13, "conflicts": 0, "secs": 71.9}
===== 27859 values
value pool 23
FAIL {'y': 'g0', 'x': '(((g0*g0)*g0)*(g0*g0))', 'z': 'g0'} -> (g0*(g0*(g0*g0)))
FAIL {'y': 'g0', 'x': '(((g0*g0)*g0)*(g0*g0))', 'z': '(g0*g0)'} -> (g0*(g0*((g0*g0)*(g0*g0))))
FAIL {'y': 'g0', 'x': '(((g0*g0)*g0)*(g0*g0))', 'z': '(g0*(g0*g0))'} -> (g0*(g0*((g0*(g0*g0))*(g0*(g0*g0)))))
FAIL {'y': 'g0', 'x': '(((g0*g0)*g0)*(g0*g0))', 'z': '((g0*g0)*g0)'} -> (g0*(g0*(((g0*g0)*g0)*((g0*g0)*g0))))
FAIL {'y': 'g0', 'x': '(((g0*g0)*g0)*(g0*g0))', 'z': '(g0*(g0*(g0*g0)))'} -> (g0*(g0*((g0*(g0*(g0*g0)))*(g0*(g0*(g0*g0))))))
FAIL {'y': 'g0', 'x': '(((g0*g0)*g0)*(g0*g0))', 'z': '(g0*((g0*g0)*g0))'} -> (g0*(g0*((g0*((g0*g0)*g0))*(g0*((g0*g0)*g0)))))
{"eq": 12073, "dualized": false, "maxsize": 9, "gens": 1, "assignments": 12167, "fails": 23, "conflicts": 0, "secs": 32.2}
===== 22591 plain
FAIL {'y': '(g0*(g0*g0))', 'x': '((g0*g0)*((g0*g0)*g0))', 'z': 'g0'} -> (((g0*(g0*g0))*g0)*(g0*g0))
FAIL {'y': '(g0*(g0*g0))', 'x': '((g0*g0)*((g0*g0)*g0))', 'z': '(g0*g0)'} -> (((g0*(g0*g0))*g0)*(g0*(g0*g0)))
FAIL {'y': '(g0*(g0*g0))', 'x': '((g0*g0)*((g0*g0)*g0))', 'z': '(g0*(g0*g0))'} -> (((g0*(g0*g0))*g0)*(g0*(g0*(g0*g0))))
FAIL {'y': '(g0*(g0*g0))', 'x': '((g0*g0)*((g0*g0)*g0))', 'z': '((g0*g0)*g0)'} -> (((g0*(g0*g0))*g0)*(g0*((g0*g0)*g0)))
FAIL {'y': '((g0*g0)*((g0*g0)*g0))', 'x': '((g0*g0)*((g0*g0)*g0))', 'z': 'g0'} -> ((((g0*g0)*((g0*g0)*g0))*g0)*(g0*g0))
FAIL {'y': '(g0*(g0*g0))', 'x': '((g0*g0)*((g0*g0)*g0))', 'z': '(g0*(g0*(g0*g0)))'} -> (((g0*(g0*g0))*g0)*(g0*(g0*(g0*(g0*g0)))))
{"eq": 22591, "dualized": false, "maxsize": 9, "gens": 1, "assignments": 12167, "fails": 46, "conflicts": 0, "secs": 14.3}
===== 22591 values
value pool 23
FAIL {'y': '(g0*(g0*g0))', 'x': '((g0*g0)*((g0*g0)*g0))', 'z': 'g0'} -> (((g0*(g0*g0))*g0)*(g0*g0))
FAIL {'y': '(g0*(g0*g0))', 'x': '((g0*g0)*((g0*g0)*g0))', 'z': '(g0*g0)'} -> (((g0*(g0*g0))*g0)*(g0*(g0*g0)))
FAIL {'y': '(g0*(g0*g0))', 'x': '((g0*g0)*((g0*g0)*g0))', 'z': '(g0*(g0*g0))'} -> (((g0*(g0*g0))*g0)*(g0*(g0*(g0*g0))))
FAIL {'y': '(g0*(g0*g0))', 'x': '((g0*g0)*((g0*g0)*g0))', 'z': '((g0*g0)*g0)'} -> (((g0*(g0*g0))*g0)*(g0*((g0*g0)*g0)))
FAIL {'y': '((g0*g0)*((g0*g0)*g0))', 'x': '((g0*g0)*((g0*g0)*g0))', 'z': 'g0'} -> ((((g0*g0)*((g0*g0)*g0))*g0)*(g0*g0))
FAIL {'y': '(g0*(g0*g0))', 'x': '((g0*g0)*((g0*g0)*g0))', 'z': '(g0*(g0*(g0*g0)))'} -> (((g0*(g0*g0))*g0)*(g0*(g0*(g0*(g0*g0)))))
{"eq": 22591, "dualized": false, "maxsize": 9, "gens": 1, "assignments": 12167, "fails": 46, "conflicts": 0, "secs": 12.8}
FAIL {'y': 'g0', 'z': '((g0*(g0*g0))*g0)', 'x': '((g0*(g0*g0))*g0)'} -> ((g0*(g0*(g0*g0)))*(((g0*(g0*g0))*g0)*(g0*(g0*g0))))
FAIL {'y': '(g0*(g0*g0))', 'z': '(g0*g0)', 'x': '((g0*(g0*g0))*g0)'} -> (g0*(((g0*(g0*g0))*g0)*(((g0*(g0*g0))*g0)*(g0*g0))))
FAIL {'y': '(g0*(g0*g0))', 'z': '((g0*g0)*((g0*g0)*g0))', 'x': 'g0'} -> (((g0*g0)*((g0*g0)*g0))*(g0*(g0*g0)))
FAIL {'y': '(g0*g0)', 'z': '((g0*(g0*g0))*g0)', 'x': '((g0*(g0*g0))*g0)'} -> (((g0*g0)*(g0*(g0*g0)))*(((g0*(g0*g0))*g0)*(g0*(g0*g0))))
FAIL {'y': '(g0*g0)', 'z': '(g0*(g0*(g0*(g0*g0))))', 'x': '(g0*(g0*g0))'} -> ((g0*(g0*(g0*(g0*g0))))*((g0*(g0*g0))*g0))
FAIL {'y': '(g0*(g0*g0))', 'z': '((g0*g0)*g0)', 'x': '((g0*(g0*g0))*g0)'} -> (g0*(((g0*(g0*g0))*g0)*(((g0*(g0*g0))*g0)*((g0*g0)*g0))))
{"eq": 21865, "dualized": false, "maxsize": 9, "gens": 1, "assignments": 12167, "fails": 68, "conflicts": 0, "secs": 104.0}
===== 21865 values
===== 9663 plain
value pool 23
FAIL {'y': '((g0*(g0*g0))*g0)', 'x': '((g0*(g0*g0))*g0)', 'z': 'g0'} -> ((g0*((g0*(g0*g0))*g0))*(g0*g0))
FAIL {'y': '((g0*(g0*g0))*g0)', 'x': '((g0*(g0*g0))*g0)', 'z': '(g0*g0)'} -> ((g0*((g0*(g0*g0))*g0))*((g0*g0)*(g0*g0)))
FAIL {'y': '((g0*(g0*g0))*g0)', 'x': '((g0*(g0*g0))*g0)', 'z': '(g0*(g0*g0))'} -> ((g0*((g0*(g0*g0))*g0))*((g0*(g0*g0))*(g0*(g0*g0))))
FAIL {'y': '((g0*(g0*g0))*g0)', 'x': '((g0*(g0*g0))*g0)', 'z': '((g0*g0)*g0)'} -> ((g0*((g0*(g0*g0))*g0))*(((g0*g0)*g0)*((g0*g0)*g0)))
FAIL {'y': '(g0*((g0*(g0*g0))*g0))', 'x': '(g0*((g0*(g0*g0))*g0))', 'z': 'g0'} -> ((((g0*(g0*g0))*g0)*(g0*((g0*(g0*g0))*g0)))*(g0*g0))
FAIL {'y': '(g0*((g0*(g0*g0))*g0))', 'x': '(g0*((g0*(g0*g0))*g0))', 'z': '(g0*g0)'} -> ((((g0*(g0*g0))*g0)*(g0*((g0*(g0*g0))*g0)))*((g0*g0)*(g0*g0)))
{"eq": 27859, "dualized": false, "maxsize": 9, "gens": 1, "assignments": 12167, "fails": 13, "conflicts": 0, "secs": 60.5}
===== 10222 plain
FAIL {'y': '(g0*g0)', 'x': 'g0', 'z': '((g0*g0)*((g0*g0)*g0))'} -> ((g0*g0)*((g0*(g0*g0))*(g0*(g0*g0))))
FAIL {'y': '(g0*g0)', 'x': '((g0*g0)*((g0*g0)*g0))', 'z': 'g0'} -> ((g0*g0)*(g0*((g0*(g0*g0))*(g0*g0))))
FAIL {'y': '(g0*g0)', 'x': '(g0*g0)', 'z': '((g0*g0)*((g0*g0)*g0))'} -> ((g0*g0)*(((g0*g0)*(g0*g0))*(g0*(g0*g0))))
FAIL {'y': '(g0*g0)', 'x': '((g0*g0)*((g0*g0)*g0))', 'z': '(g0*g0)'} -> ((g0*g0)*(g0*(((g0*g0)*(g0*g0))*(g0*g0))))
FAIL {'y': '(g0*g0)', 'x': '(g0*(g0*g0))', 'z': '((g0*g0)*((g0*g0)*g0))'} -> ((g0*g0)*(((g0*(g0*g0))*(g0*g0))*(g0*(g0*g0))))
FAIL {'y': '(g0*g0)', 'x': '((g0*g0)*g0)', 'z': '((g0*g0)*((g0*g0)*g0))'} -> ((g0*g0)*((((g0*g0)*g0)*(g0*g0))*(g0*(g0*g0))))
{"eq": 10222, "dualized": false, "maxsize": 9, "gens": 1, "assignments": 12167, "fails": 45, "conflicts": 0, "secs": 18.1}
===== 10222 values
value pool 23
FAIL {'y': '(g0*g0)', 'x': 'g0', 'z': '((g0*g0)*((g0*g0)*g0))'} -> ((g0*g0)*((g0*(g0*g0))*(g0*(g0*g0))))
FAIL {'y': '(g0*g0)', 'x': '((g0*g0)*((g0*g0)*g0))', 'z': 'g0'} -> ((g0*g0)*(g0*((g0*(g0*g0))*(g0*g0))))
FAIL {'y': '(g0*g0)', 'x': '(g0*g0)', 'z': '((g0*g0)*((g0*g0)*g0))'} -> ((g0*g0)*(((g0*g0)*(g0*g0))*(g0*(g0*g0))))
FAIL {'y': '(g0*g0)', 'x': '((g0*g0)*((g0*g0)*g0))', 'z': '(g0*g0)'} -> ((g0*g0)*(g0*(((g0*g0)*(g0*g0))*(g0*g0))))
FAIL {'y': '(g0*g0)', 'x': '(g0*(g0*g0))', 'z': '((g0*g0)*((g0*g0)*g0))'} -> ((g0*g0)*(((g0*(g0*g0))*(g0*g0))*(g0*(g0*g0))))
FAIL {'y': '(g0*g0)', 'x': '((g0*g0)*g0)', 'z': '((g0*g0)*((g0*g0)*g0))'} -> ((g0*g0)*((((g0*g0)*g0)*(g0*g0))*(g0*(g0*g0))))
{"eq": 10222, "dualized": false, "maxsize": 9, "gens": 1, "assignments": 12167, "fails": 45, "conflicts": 0, "secs": 16.6}
===== 12294 plain
value pool 23
FAIL {'y': 'g0', 'z': '((g0*(g0*g0))*g0)', 'x': '((g0*(g0*g0))*g0)'} -> ((g0*(g0*(g0*g0)))*(((g0*(g0*g0))*g0)*(g0*(g0*g0))))
FAIL {'y': '(g0*(g0*g0))', 'z': '(g0*g0)', 'x': '((g0*(g0*g0))*g0)'} -> (g0*(((g0*(g0*g0))*g0)*(((g0*(g0*g0))*g0)*(g0*g0))))
FAIL {'y': '(g0*(g0*g0))', 'z': '((g0*g0)*((g0*g0)*g0))', 'x': 'g0'} -> (((g0*g0)*((g0*g0)*g0))*(g0*(g0*g0)))
FAIL {'y': '(g0*g0)', 'z': '((g0*(g0*g0))*g0)', 'x': '((g0*(g0*g0))*g0)'} -> (((g0*g0)*(g0*(g0*g0)))*(((g0*(g0*g0))*g0)*(g0*(g0*g0))))
FAIL {'y': '(g0*g0)', 'z': '(g0*(g0*(g0*(g0*g0))))', 'x': '(g0*(g0*g0))'} -> ((g0*(g0*(g0*(g0*g0))))*((g0*(g0*g0))*g0))
FAIL {'y': '(g0*(g0*g0))', 'z': '((g0*g0)*g0)', 'x': '((g0*(g0*g0))*g0)'} -> (g0*(((g0*(g0*g0))*g0)*(((g0*(g0*g0))*g0)*((g0*g0)*g0))))
{"eq": 21865, "dualized": false, "maxsize": 9, "gens": 1, "assignments": 12167, "fails": 68, "conflicts": 0, "secs": 67.0}
===== 24199 plain
FAIL {'y': '(g0*(g0*g0))', 'z': '((g0*g0)*(g0*(g0*g0)))', 'x': 'g0'} -> ((g0*(g0*g0))*(g0*(g0*(g0*(g0*(g0*g0))))))
FAIL {'y': '(g0*(g0*g0))', 'z': '((g0*g0)*(g0*(g0*g0)))', 'x': '(g0*g0)'} -> ((g0*(g0*g0))*(g0*((g0*g0)*((g0*g0)*(g0*(g0*g0))))))
FAIL {'y': '(g0*(g0*g0))', 'z': '((g0*g0)*(g0*(g0*g0)))', 'x': '(g0*(g0*g0))'} -> ((g0*(g0*g0))*(g0*((g0*(g0*g0))*((g0*(g0*g0))*(g0*(g0*g0))))))
FAIL {'y': '(g0*(g0*g0))', 'z': '((g0*g0)*(g0*(g0*g0)))', 'x': '((g0*g0)*g0)'} -> ((g0*(g0*g0))*(g0*(((g0*g0)*g0)*(((g0*g0)*g0)*(g0*(g0*g0))))))
FAIL {'y': '(g0*(g0*g0))', 'z': '((g0*g0)*(g0*(g0*g0)))', 'x': '(g0*(g0*(g0*g0)))'} -> ((g0*(g0*g0))*(g0*((g0*(g0*(g0*g0)))*((g0*(g0*(g0*g0)))*(g0*(g0*g0))))))
FAIL {'y': '(g0*(g0*g0))', 'z': '((g0*g0)*(g0*(g0*g0)))', 'x': '(g0*((g0*g0)*g0))'} -> ((g0*(g0*g0))*(g0*((g0*((g0*g0)*g0))*((g0*((g0*g0)*g0))*(g0*(g0*g0))))))
{"eq": 9663, "dualized": false, "maxsize": 9, "gens": 1, "assignments": 12167, "fails": 23, "conflicts": 0, "secs": 105.0}
===== 9663 values
FAIL {'y': '((g0*g0)*g0)', 'z': '(((g0*g0)*g0)*(g0*g0))', 'x': 'g0'} -> (((g0*g0)*g0)*((g0*g0)*(g0*((g0*g0)*g0))))
FAIL {'y': '((g0*g0)*g0)', 'z': '(((g0*g0)*g0)*(g0*g0))', 'x': '(g0*g0)'} -> (((g0*g0)*g0)*((g0*(g0*g0))*((g0*g0)*((g0*g0)*g0))))
FAIL {'y': '((g0*g0)*g0)', 'z': '(((g0*g0)*g0)*(g0*g0))', 'x': '(g0*(g0*g0))'} -> (((g0*g0)*g0)*((g0*(g0*(g0*g0)))*((g0*(g0*g0))*((g0*g0)*g0))))
FAIL {'y': '((g0*g0)*g0)', 'z': '(((g0*g0)*g0)*(g0*g0))', 'x': '((g0*g0)*g0)'} -> (((g0*g0)*g0)*((g0*((g0*g0)*g0))*(((g0*g0)*g0)*((g0*g0)*g0))))
FAIL {'y': '((g0*g0)*g0)', 'z': '(((g0*g0)*g0)*(g0*g0))', 'x': '(g0*(g0*(g0*g0)))'} -> (((g0*g0)*g0)*((g0*(g0*(g0*(g0*g0))))*((g0*(g0*(g0*g0)))*((g0*g0)*g0))))
FAIL {'y': '((g0*g0)*g0)', 'z': '(((g0*g0)*g0)*(g0*g0))', 'x': '(g0*((g0*g0)*g0))'} -> (((g0*g0)*g0)*((g0*(g0*((g0*g0)*g0)))*((g0*((g0*g0)*g0))*((g0*g0)*g0))))
{"eq": 12294, "dualized": false, "maxsize": 9, "gens": 1, "assignments": 12167, "fails": 22, "conflicts": 0, "secs": 56.4}
===== 12294 values
value pool 23
FAIL {'y': '(g0*(g0*g0))', 'z': '((g0*g0)*(g0*(g0*g0)))', 'x': 'g0'} -> ((g0*(g0*g0))*(g0*(g0*(g0*(g0*(g0*g0))))))
FAIL {'y': '(g0*(g0*g0))', 'z': '((g0*g0)*(g0*(g0*g0)))', 'x': '(g0*g0)'} -> ((g0*(g0*g0))*(g0*((g0*g0)*((g0*g0)*(g0*(g0*g0))))))
FAIL {'y': '(g0*(g0*g0))', 'z': '((g0*g0)*(g0*(g0*g0)))', 'x': '(g0*(g0*g0))'} -> ((g0*(g0*g0))*(g0*((g0*(g0*g0))*((g0*(g0*g0))*(g0*(g0*g0))))))
FAIL {'y': '(g0*(g0*g0))', 'z': '((g0*g0)*(g0*(g0*g0)))', 'x': '((g0*g0)*g0)'} -> ((g0*(g0*g0))*(g0*(((g0*g0)*g0)*(((g0*g0)*g0)*(g0*(g0*g0))))))
FAIL {'y': '(g0*(g0*g0))', 'z': '((g0*g0)*(g0*(g0*g0)))', 'x': '(g0*(g0*(g0*g0)))'} -> ((g0*(g0*g0))*(g0*((g0*(g0*(g0*g0)))*((g0*(g0*(g0*g0)))*(g0*(g0*g0))))))
FAIL {'y': '(g0*(g0*g0))', 'z': '((g0*g0)*(g0*(g0*g0)))', 'x': '(g0*((g0*g0)*g0))'} -> ((g0*(g0*g0))*(g0*((g0*((g0*g0)*g0))*((g0*((g0*g0)*g0))*(g0*(g0*g0))))))
{"eq": 9663, "dualized": false, "maxsize": 9, "gens": 1, "assignments": 12167, "fails": 23, "conflicts": 0, "secs": 65.2}
===== 21864 plain
value pool 23
FAIL {'y': '((g0*g0)*g0)', 'z': '(((g0*g0)*g0)*(g0*g0))', 'x': 'g0'} -> (((g0*g0)*g0)*((g0*g0)*(g0*((g0*g0)*g0))))
FAIL {'y': '((g0*g0)*g0)', 'z': '(((g0*g0)*g0)*(g0*g0))', 'x': '(g0*g0)'} -> (((g0*g0)*g0)*((g0*(g0*g0))*((g0*g0)*((g0*g0)*g0))))
FAIL {'y': '((g0*g0)*g0)', 'z': '(((g0*g0)*g0)*(g0*g0))', 'x': '(g0*(g0*g0))'} -> (((g0*g0)*g0)*((g0*(g0*(g0*g0)))*((g0*(g0*g0))*((g0*g0)*g0))))
FAIL {'y': '((g0*g0)*g0)', 'z': '(((g0*g0)*g0)*(g0*g0))', 'x': '((g0*g0)*g0)'} -> (((g0*g0)*g0)*((g0*((g0*g0)*g0))*(((g0*g0)*g0)*((g0*g0)*g0))))
FAIL {'y': '((g0*g0)*g0)', 'z': '(((g0*g0)*g0)*(g0*g0))', 'x': '(g0*(g0*(g0*g0)))'} -> (((g0*g0)*g0)*((g0*(g0*(g0*(g0*g0))))*((g0*(g0*(g0*g0)))*((g0*g0)*g0))))
FAIL {'y': '((g0*g0)*g0)', 'z': '(((g0*g0)*g0)*(g0*g0))', 'x': '(g0*((g0*g0)*g0))'} -> (((g0*g0)*g0)*((g0*(g0*((g0*g0)*g0)))*((g0*((g0*g0)*g0))*((g0*g0)*g0))))
{"eq": 12294, "dualized": false, "maxsize": 9, "gens": 1, "assignments": 12167, "fails": 22, "conflicts": 0, "secs": 46.4}
===== 21866 plain
FAIL {'y': 'g0', 'x': '((g0*g0)*g0)', 'z': '((g0*g0)*g0)'} -> (((g0*((g0*g0)*g0))*((g0*g0)*g0))*(g0*g0))
FAIL {'y': 'g0', 'x': '((g0*g0)*g0)', 'z': '((g0*(g0*g0))*g0)'} -> (((g0*((g0*g0)*g0))*((g0*g0)*g0))*(g0*g0))
FAIL {'y': '(g0*g0)', 'x': '((g0*g0)*g0)', 'z': '((g0*g0)*g0)'} -> ((((g0*g0)*((g0*g0)*g0))*((g0*g0)*g0))*(g0*(g0*g0)))
FAIL {'y': 'g0', 'x': '((g0*g0)*g0)', 'z': '((g0*(g0*(g0*g0)))*g0)'} -> (((g0*((g0*g0)*g0))*((g0*g0)*g0))*(g0*g0))
FAIL {'y': 'g0', 'x': '((g0*g0)*g0)', 'z': '((g0*((g0*g0)*g0))*g0)'} -> (((g0*((g0*g0)*g0))*((g0*g0)*g0))*(g0*g0))
FAIL {'y': 'g0', 'x': '(((g0*g0)*g0)*g0)', 'z': '((g0*g0)*(g0*g0))'} -> (((g0*(((g0*g0)*g0)*g0))*(((g0*g0)*g0)*g0))*(g0*g0))
{"eq": 24199, "dualized": false, "maxsize": 9, "gens": 1, "assignments": 12167, "fails": 230, "conflicts": 0, "secs": 124.6}
===== 24199 values
FAIL {'y': '(g0*(g0*g0))', 'z': 'g0', 'x': '(g0*((g0*(g0*g0))*g0))'} -> (g0*((g0*((g0*(g0*g0))*g0))*g0))
FAIL {'y': '(g0*(g0*g0))', 'z': '((g0*(g0*g0))*g0)', 'x': '((g0*(g0*g0))*g0)'} -> (g0*(((g0*(g0*g0))*g0)*(((g0*(g0*g0))*g0)*(g0*(g0*g0)))))
FAIL {'y': '(g0*((g0*g0)*g0))', 'z': '((g0*(g0*g0))*g0)', 'x': '((g0*(g0*g0))*g0)'} -> (g0*(((g0*(g0*g0))*g0)*(((g0*(g0*g0))*g0)*(g0*((g0*g0)*g0)))))
FAIL {'y': '(g0*((g0*(g0*g0))*g0))', 'z': '((g0*(g0*g0))*g0)', 'x': '((g0*(g0*g0))*g0)'} -> (g0*(((g0*(g0*g0))*g0)*(((g0*(g0*g0))*g0)*(g0*((g0*(g0*g0))*g0)))))
FAIL {'y': '(g0*(((g0*g0)*g0)*g0))', 'z': '((g0*(g0*g0))*g0)', 'x': '((g0*(g0*g0))*g0)'} -> (g0*(((g0*(g0*g0))*g0)*(((g0*(g0*g0))*g0)*(g0*(((g0*g0)*g0)*g0)))))
{"eq": 21864, "dualized": false, "maxsize": 9, "gens": 1, "assignments": 12167, "fails": 5, "conflicts": 0, "secs": 41.7}
===== 21864 values
value pool 23
FAIL {'y': '(g0*(g0*g0))', 'z': 'g0', 'x': '(g0*((g0*(g0*g0))*g0))'} -> (g0*((g0*((g0*(g0*g0))*g0))*g0))
FAIL {'y': '(g0*(g0*g0))', 'z': '((g0*(g0*g0))*g0)', 'x': '((g0*(g0*g0))*g0)'} -> (g0*(((g0*(g0*g0))*g0)*(((g0*(g0*g0))*g0)*(g0*(g0*g0)))))
FAIL {'y': '(g0*((g0*g0)*g0))', 'z': '((g0*(g0*g0))*g0)', 'x': '((g0*(g0*g0))*g0)'} -> (g0*(((g0*(g0*g0))*g0)*(((g0*(g0*g0))*g0)*(g0*((g0*g0)*g0)))))
FAIL {'y': '(g0*((g0*(g0*g0))*g0))', 'z': '((g0*(g0*g0))*g0)', 'x': '((g0*(g0*g0))*g0)'} -> (g0*(((g0*(g0*g0))*g0)*(((g0*(g0*g0))*g0)*(g0*((g0*(g0*g0))*g0)))))
FAIL {'y': '(g0*(((g0*g0)*g0)*g0))', 'z': '((g0*(g0*g0))*g0)', 'x': '((g0*(g0*g0))*g0)'} -> (g0*(((g0*(g0*g0))*g0)*(((g0*(g0*g0))*g0)*(g0*(((g0*g0)*g0)*g0)))))
{"eq": 21864, "dualized": false, "maxsize": 9, "gens": 1, "assignments": 12167, "fails": 5, "conflicts": 0, "secs": 57.1}
===== 21866 values
value pool 23
FAIL {'y': 'g0', 'z': 'g0', 'x': '(g0*(g0*g0))', 'w': '(g0*(g0*g0))'} -> ((g0*(g0*(g0*(g0*g0))))*((g0*(g0*g0))*g0))
FAIL {'y': 'g0', 'z': 'g0', 'x': '(g0*(g0*g0))', 'w': '(g0*(g0*(g0*g0)))'} -> ((g0*(g0*(g0*(g0*g0))))*((g0*(g0*g0))*g0))
FAIL {'y': 'g0', 'z': 'g0', 'x': '(g0*((g0*g0)*g0))', 'w': '(g0*(g0*g0))'} -> ((g0*(g0*(g0*((g0*g0)*g0))))*((g0*((g0*g0)*g0))*g0))
FAIL {'y': 'g0', 'z': 'g0', 'x': '((g0*g0)*(g0*g0))', 'w': '(g0*(g0*g0))'} -> ((g0*(g0*((g0*g0)*(g0*g0))))*(((g0*g0)*(g0*g0))*g0))
FAIL {'y': 'g0', 'z': '(g0*g0)', 'x': '(g0*(g0*g0))', 'w': '(g0*(g0*g0))'} -> ((g0*((g0*g0)*(g0*(g0*g0))))*((g0*(g0*g0))*g0))
FAIL {'y': '(g0*g0)', 'z': 'g0', 'x': '(g0*(g0*g0))', 'w': '(g0*(g0*g0))'} -> (((g0*g0)*(g0*(g0*(g0*g0))))*((g0*(g0*g0))*g0))
{"eq": 21866, "dualized": false, "maxsize": 9, "gens": 1, "assignments": 279841, "fails": 18515, "conflicts": 0, "secs": 435.1}
DONE
